{
  "passed": false,
  "rom_sha256": "464e14b7d42e7feea0b7ede42be7071dc88913f75b9ffa444299424b63d1dff1",
  "instances": 16,
  "workers": 8,
  "warmup_seconds": 1,
  "requested_seconds": 10,
  "seconds": 10.001809459,
  "minimum_fps": 50000,
  "aggregate_fps": 4114.45550615,
  "executed_t_cycles": 2889858048,
  "instructions": 7195952,
  "cycle_equivalent_frames": 41152,
  "completed_ppu_frames": 41024,
  "batch_steps": 2572,
  "peak_resident_bytes": 9895936,
  "frame_quantum_t_cycles": 70224,
  "input_seed": 1296127043,
  "audio_synthesis": false,
  "ppu_enabled": true,
  "accuracy_shortcuts": false,
  "timed_instance0_snapshot_hash": 6761151711636721998,
  "correctness_frames_per_instance": 64,
  "correctness_hashes": [18196341541464589906, 1156332986670875035, 4978608713032355094, 8438820349854449208, 10171258828682698297, 7869514779770249200, 5712647635147757199, 18059973280550325439, 1665659500415231993, 12358666131266441827, 7600082370785640108, 8403887068362453072, 1665659500415231993, 15748298971772517705, 3040844305362430814, 3203118892721118058]
}
BELOW TARGET: 4114.46 aggregate executed frames/s across 16 machines
Process 77215 is not debuggable. Due to security restrictions, leaks can only show or save contents of readonly memory of restricted processes.

Process:         gym_benchmark_lto [77215]
Path:            /Users/USER/Documents/*/gym_benchmark_lto
Load Address:    0x10005c000
Identifier:      gym_benchmark_lto
Version:         0
Code Type:       ARM64
Platform:        macOS
Parent Process:  leaks [77207]
Target Type:     live task

Date/Time:       2026-09-10 13:07:20.849 +0530
Launch Time:     2026-09-10 13:07:09.508 +0530
OS Version:      macOS 26.5.1 (25F80)
Report Version:  7
Analysis Tool:   /usr/bin/leaks

Physical footprint:         9536K
Physical footprint (peak):  9712K
Idle exit:                  untracked
----

leaks Report Version: 4.0, multi-line stacks
Process 77215: 191 nodes malloced for 16 KB
Process 77215: 0 leaks for 0 total leaked bytes.

